// Jest Snapshot v1, https://goo.gl/fbAQLP

exports[`Card component should render without crashing 1`] = `
<div>
  <div
    class="sc-bczRLJ dFyAAJ"
    data-testid="card-test"
  >
    <div
      class="sc-gsnTZi lbrWgB"
    >
      <div
        class="sc-dkzDqf efhOyy"
      />
    </div>
  </div>
</div>
`;
